Archive member included because of file (symbol)

/home/kos/Desktop/untitled_install/lib/libtarget.a(hal_i386_arch_hal_misc.o)
                              /home/kos/Desktop/untitled_install/lib/vectors.o (cyg_hal_invoke_constructors)
/home/kos/Desktop/untitled_install/lib/libtarget.a(hal_i386_generic_var_misc.o)
                              /home/kos/Desktop/untitled_install/lib/vectors.o (hal_variant_init)
/home/kos/Desktop/untitled_install/lib/libtarget.a(hal_i386_pc_plf_misc.o)
                              /home/kos/Desktop/untitled_install/lib/vectors.o (cyg_hal_pc_set_idt_entry)
/home/kos/Desktop/untitled_install/lib/libtarget.a(hal_i386_pcmb_pcmb_misc.o)
                              /home/kos/Desktop/untitled_install/lib/libtarget.a(hal_i386_pc_plf_misc.o) (hal_pcmb_init)
/home/kos/Desktop/untitled_install/lib/libtarget.a(io_pci_pci.o)
                              /home/kos/Desktop/untitled_install/lib/extras.o (cyg_pci_init)
/home/kos/Desktop/untitled_install/lib/libtarget.a(io_pci_pci_hw.o)
                              /home/kos/Desktop/untitled_install/lib/libtarget.a(io_pci_pci.o) (cyg_pcihw_init)
/home/kos/Desktop/untitled_install/lib/libtarget.a(hal_common_hal_if.o)
                              /home/kos/Desktop/untitled_install/lib/extras.o (hal_if_diag_write_char)
/home/kos/Desktop/untitled_install/lib/libtarget.a(hal_common_hal_misc.o)
                              /home/kos/Desktop/untitled_install/lib/libtarget.a(hal_common_hal_if.o) (cyg_hal_is_break)
/home/kos/Desktop/untitled_install/lib/libtarget.a(io_common_iosys.o)
                              /home/kos/Desktop/untitled_install/lib/extras.o (cyg_io_init)
/home/kos/Desktop/untitled_install/lib/libtarget.a(infra_startup.o)
                              /home/kos/Desktop/untitled_install/lib/vectors.o (cyg_start)
/home/kos/Desktop/untitled_install/lib/libtarget.a(infra_prestart.o)
                              /home/kos/Desktop/untitled_install/lib/libtarget.a(infra_startup.o) (cyg_prestart)
/home/kos/Desktop/untitled_install/lib/libtarget.a(infra_pkgstart.o)
                              /home/kos/Desktop/untitled_install/lib/libtarget.a(infra_startup.o) (cyg_package_start)
/home/kos/Desktop/untitled_install/lib/libtarget.a(infra_userstart.o)
                              /home/kos/Desktop/untitled_install/lib/libtarget.a(infra_startup.o) (cyg_user_start)
/home/kos/Desktop/untitled_install/lib/libtarget.a(infra_diag.o)
                              alias.o (diag_snprintf)
/home/kos/Desktop/untitled_install/lib/libtarget.a(infra_memcpy.o)
                              bridge.o (memcpy)
/home/kos/Desktop/untitled_install/lib/libtarget.a(infra_memset.o)
                              bridge.o (memset)
/home/kos/Desktop/untitled_install/lib/libtarget.a(kernel_kapi.o)
                              /home/kos/Desktop/untitled_install/lib/extras.o (cyg_scheduler_lock)
/home/kos/Desktop/untitled_install/lib/libtarget.a(kernel_thread.o)
                              /home/kos/Desktop/untitled_install/lib/libtarget.a(kernel_kapi.o) (_ZN10Cyg_Thread4exitEv)
/home/kos/Desktop/untitled_install/lib/libtarget.a(kernel_except.o)
                              /home/kos/Desktop/untitled_install/lib/libtarget.a(kernel_kapi.o) (_ZN21Cyg_Exception_Control18register_exceptionEiPFvjijEjPS1_Pj)
/home/kos/Desktop/untitled_install/lib/libtarget.a(kernel_intr.o)
                              /home/kos/Desktop/untitled_install/lib/libtarget.a(kernel_kapi.o) (_ZN13Cyg_InterruptC1EjijPFjjjEPFvjjjE)
/home/kos/Desktop/untitled_install/lib/libtarget.a(kernel_mlqueue.o)
                              /home/kos/Desktop/untitled_install/lib/libtarget.a(kernel_thread.o) (_ZN28Cyg_Scheduler_Implementation10add_threadEP10Cyg_Thread)
/home/kos/Desktop/untitled_install/lib/libtarget.a(kernel_sched.o)
                              /home/kos/Desktop/untitled_install/lib/vectors.o (cyg_scheduler_sched_lock)
/home/kos/Desktop/untitled_install/lib/libtarget.a(kernel_cnt_sem.o)
                              /home/kos/Desktop/untitled_install/lib/libtarget.a(kernel_kapi.o) (_ZN22Cyg_Counting_SemaphoreC1Ei)
/home/kos/Desktop/untitled_install/lib/libtarget.a(kernel_flag.o)
                              /home/kos/Desktop/untitled_install/lib/libtarget.a(kernel_kapi.o) (_ZN8Cyg_FlagC1Ej)
/home/kos/Desktop/untitled_install/lib/libtarget.a(kernel_mbox.o)
                              /home/kos/Desktop/untitled_install/lib/libtarget.a(kernel_kapi.o) (_ZN8Cyg_MboxC1Ev)
/home/kos/Desktop/untitled_install/lib/libtarget.a(kernel_mutex.o)
                              /home/kos/Desktop/untitled_install/lib/extras.o (_ZN9Cyg_MutexC1Ev)
/home/kos/Desktop/untitled_install/lib/libtarget.a(services_memalloc_common_malloc.o)
                              ipfw2.o (calloc)
/home/kos/Desktop/untitled_install/lib/libtarget.a(services_memalloc_common_heaps.o)
                              /home/kos/Desktop/untitled_install/lib/libtarget.a(services_memalloc_common_malloc.o) (cygmem_memalloc_heaps)
/home/kos/Desktop/untitled_install/lib/libtarget.a(language_c_libc_stdlib_atox.o)
                              ipfw2.o (atoi)
/home/kos/Desktop/untitled_install/lib/libtarget.a(language_c_libc_stdlib_strtod.o)
                              ipfw2.o (strtod)
/home/kos/Desktop/untitled_install/lib/libtarget.a(language_c_libc_stdlib_strtol.o)
                              ipfw2.o (strtol)
/home/kos/Desktop/untitled_install/lib/libtarget.a(language_c_libc_stdlib_strtoul.o)
                              ipfw2.o (strtoul)
/home/kos/Desktop/untitled_install/lib/libtarget.a(language_c_libc_stdlib_strtoll.o)
                              /home/kos/Desktop/untitled_install/lib/libtarget.a(language_c_libc_stdlib_atox.o) (strtoll)
/home/kos/Desktop/untitled_install/lib/libtarget.a(language_c_libc_string_strchr.o)
                              ipfw2.o (strchr)
/home/kos/Desktop/untitled_install/lib/libtarget.a(language_c_libc_string_strcmp.o)
                              ipfw2.o (strcmp)
/home/kos/Desktop/untitled_install/lib/libtarget.a(language_c_libc_string_strcpy.o)
                              ipfw2.o (strcpy)
/home/kos/Desktop/untitled_install/lib/libtarget.a(language_c_libc_string_strlen.o)
                              ipfw2.o (strlen)
/home/kos/Desktop/untitled_install/lib/libtarget.a(language_c_libc_string_strncmp.o)
                              ip_fw.o (strncmp)
/home/kos/Desktop/untitled_install/lib/libtarget.a(language_c_libc_string_strncpy.o)
                              ip_fw_nat.o (strncpy)
/home/kos/Desktop/untitled_install/lib/libtarget.a(language_c_libc_string_strpbrk.o)
                              ipfw2.o (strpbrk)
/home/kos/Desktop/untitled_install/lib/libtarget.a(language_c_libc_string_strrchr.o)
                              ipfw2.o (strrchr)
/home/kos/Desktop/untitled_install/lib/libtarget.a(language_c_libc_string_strspn.o)
                              ipfw2.o (strspn)
/home/kos/Desktop/untitled_install/lib/libtarget.a(language_c_libc_string_strsuppt.o)
                              /home/kos/Desktop/untitled_install/lib/libtarget.a(language_c_libc_string_strchr.o) (Cyg_libc_str_null_mask_1)
/home/kos/Desktop/untitled_install/lib/libtarget.a(language_c_libc_string_strtok.o)
                              ip_fw_nat.o (strtok)
/home/kos/Desktop/untitled_install/lib/libtarget.a(language_c_libc_string_bsdstring.o)
                              ipfw2.o (bcmp)
/home/kos/Desktop/untitled_install/lib/libtarget.a(language_c_libc_string_strdup.o)
                              ipfw2.o (strdup)
/home/kos/Desktop/untitled_install/lib/libtarget.a(language_c_libc_i18n_ctype.o)
                              ip_fw_nat.o (isalpha)
/home/kos/Desktop/untitled_install/lib/libtarget.a(language_c_libc_startup_abort.o)
                              ipfw2.o (abort)
/home/kos/Desktop/untitled_install/lib/libtarget.a(language_c_libc_startup_exit.o)
                              ip_fw_nat.o (exit)
/home/kos/Desktop/untitled_install/lib/libtarget.a(language_c_libc_stdio_fflush.o)
                              /home/kos/Desktop/untitled_install/lib/libtarget.a(language_c_libc_startup_exit.o) (fflush)
/home/kos/Desktop/untitled_install/lib/libtarget.a(language_c_libc_stdio_sscanf.o)
                              ip_fw_nat.o (sscanf)
/home/kos/Desktop/untitled_install/lib/libtarget.a(language_c_libc_stdio_stdiofiles.o)
                              /home/kos/Desktop/untitled_install/lib/libtarget.a(language_c_libc_stdio_fflush.o) (_ZN20Cyg_libc_stdio_files5filesE)
/home/kos/Desktop/untitled_install/lib/libtarget.a(language_c_libc_stdio_stdioinlines.o)
                              bridge.o (perror)
/home/kos/Desktop/untitled_install/lib/libtarget.a(language_c_libc_stdio_stdout.o)
                              /home/kos/Desktop/untitled_install/lib/libtarget.a(language_c_libc_stdio_stdioinlines.o) (stdout)
/home/kos/Desktop/untitled_install/lib/libtarget.a(language_c_libc_stdio_stream.o)
                              /home/kos/Desktop/untitled_install/lib/libtarget.a(language_c_libc_stdio_stdout.o) (_ZTV15Cyg_StdioStream)
/home/kos/Desktop/untitled_install/lib/libtarget.a(language_c_libc_stdio_streambuf.o)
                              /home/kos/Desktop/untitled_install/lib/libtarget.a(language_c_libc_stdio_stream.o) (_ZN21Cyg_StdioStreamBuffer10set_bufferEjPh)
/home/kos/Desktop/untitled_install/lib/libtarget.a(language_c_libc_stdio_vsnprintf.o)
                              /home/kos/Desktop/untitled_install/lib/libtarget.a(language_c_libc_stdio_stdioinlines.o) (vsnprintf)
/home/kos/Desktop/untitled_install/lib/libtarget.a(language_c_libc_stdio_vsscanf.o)
                              /home/kos/Desktop/untitled_install/lib/libtarget.a(language_c_libc_stdio_sscanf.o) (vsscanf)
/home/kos/Desktop/untitled_install/lib/libtarget.a(language_c_libc_stdio_vfscanf.o)
                              /home/kos/Desktop/untitled_install/lib/libtarget.a(language_c_libc_stdio_stdioinlines.o) (vfscanf)
/home/kos/Desktop/untitled_install/lib/libtarget.a(language_c_libc_stdio_fprintf.o)
                              /home/kos/Desktop/untitled_install/lib/libtarget.a(language_c_libc_stdio_stdioinlines.o) (fprintf)
/home/kos/Desktop/untitled_install/lib/libtarget.a(language_c_libc_stdio_fputc.o)
                              /home/kos/Desktop/untitled_install/lib/libtarget.a(language_c_libc_stdio_stdioinlines.o) (fputc)
/home/kos/Desktop/untitled_install/lib/libtarget.a(language_c_libc_stdio_fputs.o)
                              /home/kos/Desktop/untitled_install/lib/libtarget.a(language_c_libc_stdio_stdioinlines.o) (fputs)
/home/kos/Desktop/untitled_install/lib/libtarget.a(language_c_libc_stdio_vfnprintf.o)
                              /home/kos/Desktop/untitled_install/lib/libtarget.a(language_c_libc_stdio_stdioinlines.o) (vfnprintf)
/home/kos/Desktop/untitled_install/lib/libtarget.a(language_c_libm_infconst.o)
                              /home/kos/Desktop/untitled_install/lib/libtarget.a(language_c_libc_stdlib_strtod.o) (cyg_libm_infinity)
/home/kos/Desktop/untitled_install/lib/libtarget.a(language_c_libm_s_finite.o)
                              /home/kos/Desktop/untitled_install/lib/libtarget.a(language_c_libc_stdio_vfnprintf.o) (finite)
/home/kos/Desktop/untitled_install/lib/libtarget.a(language_c_libm_s_isnan.o)
                              /home/kos/Desktop/untitled_install/lib/libtarget.a(language_c_libc_stdio_vfnprintf.o) (isnan)
/home/kos/Desktop/untitled_install/lib/libtarget.a(language_c_libm_s_modf.o)
                              /home/kos/Desktop/untitled_install/lib/libtarget.a(language_c_libc_stdio_vfnprintf.o) (modf)
/home/kos/Desktop/untitled_install/lib/libtarget.a(compat_posix_misc.o)
                              /home/kos/Desktop/untitled_install/lib/extras.o (cyg_posix_function_start)
/home/kos/Desktop/untitled_install/lib/libtarget.a(compat_posix_mutex.o)
                              ip_fw.o (pthread_mutex_init)
/home/kos/Desktop/untitled_install/lib/libtarget.a(compat_posix_pthread.o)
                              /home/kos/Desktop/untitled_install/lib/extras.o (cyg_posix_pthread_start)
/home/kos/Desktop/untitled_install/lib/libtarget.a(compat_posix_time.o)
                              /home/kos/Desktop/untitled_install/lib/libtarget.a(compat_posix_misc.o) (cyg_timespec_to_ticks)
/home/kos/Desktop/untitled_install/lib/libtarget.a(compat_posix_signal.o)
                              /home/kos/Desktop/untitled_install/lib/extras.o (cyg_posix_signal_start)
/home/kos/Desktop/untitled_install/lib/libtarget.a(compat_posix_except.o)
                              /home/kos/Desktop/untitled_install/lib/extras.o (cyg_posix_exception_start)
/home/kos/Desktop/untitled_install/lib/libtarget.a(io_wallclock_wallclock.o)
                              /home/kos/Desktop/untitled_install/lib/extras.o (_ZN13Cyg_WallClock9wallclockE)
/home/kos/Desktop/untitled_install/lib/libtarget.a(error_strerror.o)
                              /home/kos/Desktop/untitled_install/lib/libtarget.a(language_c_libc_stdio_stdioinlines.o) (strerror)
/home/kos/Desktop/untitled_install/lib/libtarget.a(error_errno.o)
                              ipfw2.o (cyg_error_get_errno_p)
/home/kos/Desktop/untitled_install/lib/libtarget.a(io_fileio_fd.o)
                              /home/kos/Desktop/untitled_install/lib/extras.o (cyg_fd_init)
/home/kos/Desktop/untitled_install/lib/libtarget.a(io_fileio_file.o)
                              /home/kos/Desktop/untitled_install/lib/extras.o (chdir)
/home/kos/Desktop/untitled_install/lib/libtarget.a(io_fileio_io.o)
                              /home/kos/Desktop/untitled_install/lib/libtarget.a(language_c_libc_stdio_stream.o) (read)
/home/kos/Desktop/untitled_install/lib/libtarget.a(io_fileio_select.o)
                              /home/kos/Desktop/untitled_install/lib/extras.o (cyg_selinit)
/home/kos/Desktop/untitled_install/lib/libtarget.a(io_fileio_socket.o)
                              bridge.o (socket)
/home/kos/Desktop/untitled_install/lib/libtarget.a(io_fileio_fnmatch.o)
                              ip_fw.o (fnmatch)
/home/kos/Desktop/untitled_install/lib/libtarget.a(net_common_inet_addr.o)
                              bridge.o (inet_addr)
/home/kos/Desktop/untitled_install/lib/libtarget.a(net_common_inet_ntoa.o)
                              bridge.o (inet_ntoa)
/home/kos/Desktop/untitled_install/lib/libtarget.a(net_common_inet_pton.o)
                              ipfw2.o (inet_pton)
/home/kos/Desktop/untitled_install/lib/libtarget.a(net_common_network_support.o)
                              bridge.o (init_all_network_interfaces)
/home/kos/Desktop/untitled_install/lib/libtarget.a(net_common_getproto.o)
                              ipfw2.o (getprotobyname)
/home/kos/Desktop/untitled_install/lib/libtarget.a(net_common_getserv.o)
                              ipfw2.o (getservbyname)
/home/kos/Desktop/untitled_install/lib/libtarget.a(net_bsd_tcpip_support.o)
                              /home/kos/Desktop/untitled_install/lib/extras.o (cyg_proc0)
/home/kos/Desktop/untitled_install/lib/libtarget.a(net_bsd_tcpip_synch.o)
                              /home/kos/Desktop/untitled_install/lib/extras.o (cyg_splsoftnet)
/home/kos/Desktop/untitled_install/lib/libtarget.a(net_bsd_tcpip_timeout.o)
                              /home/kos/Desktop/untitled_install/lib/libtarget.a(net_bsd_tcpip_support.o) (cyg_alarm_timeout_init)
/home/kos/Desktop/untitled_install/lib/libtarget.a(net_bsd_tcpip_init.o)
                              /home/kos/Desktop/untitled_install/lib/libtarget.a(net_bsd_tcpip_support.o) (cyg_do_net_init)
/home/kos/Desktop/untitled_install/lib/libtarget.a(net_bsd_tcpip_if.o)
                              /home/kos/Desktop/untitled_install/lib/libtarget.a(net_bsd_tcpip_support.o) (cyg_ifnet)
/home/kos/Desktop/untitled_install/lib/libtarget.a(net_bsd_tcpip_rtsock.o)
                              /home/kos/Desktop/untitled_install/lib/libtarget.a(net_bsd_tcpip_if.o) (cyg_rt_ifmsg)
/home/kos/Desktop/untitled_install/lib/libtarget.a(net_bsd_tcpip_raw_usrreq.o)
                              /home/kos/Desktop/untitled_install/lib/libtarget.a(net_bsd_tcpip_rtsock.o) (cyg_raw_init)
/home/kos/Desktop/untitled_install/lib/libtarget.a(net_bsd_tcpip_route.o)
                              bridge.o (cyg_route_init)
/home/kos/Desktop/untitled_install/lib/libtarget.a(net_bsd_tcpip_radix.o)
                              /home/kos/Desktop/untitled_install/lib/libtarget.a(net_bsd_tcpip_if.o) (cyg_rn_refines)
/home/kos/Desktop/untitled_install/lib/libtarget.a(net_bsd_tcpip_in.o)
                              /home/kos/Desktop/untitled_install/lib/libtarget.a(net_bsd_tcpip_if.o) (cyg_in_control)
/home/kos/Desktop/untitled_install/lib/libtarget.a(net_bsd_tcpip_in_cksum.o)
                              ip_fw_nat.o (cyg_in_pseudo)
/home/kos/Desktop/untitled_install/lib/libtarget.a(net_bsd_tcpip_in_pcb.o)
                              /home/kos/Desktop/untitled_install/lib/libtarget.a(net_bsd_tcpip_in.o) (cyg_in_pcbpurgeif0)
/home/kos/Desktop/untitled_install/lib/libtarget.a(net_bsd_tcpip_in_proto.o)
                              alias.o (sysctl__net_inet_ip_children)
/home/kos/Desktop/untitled_install/lib/libtarget.a(net_bsd_tcpip_in_rmx.o)
                              /home/kos/Desktop/untitled_install/lib/libtarget.a(net_bsd_tcpip_in_proto.o) (cyg_in_inithead)
/home/kos/Desktop/untitled_install/lib/libtarget.a(net_bsd_tcpip_ip_encap.o)
                              /home/kos/Desktop/untitled_install/lib/libtarget.a(net_bsd_tcpip_in_proto.o) (cyg_encap_init)
/home/kos/Desktop/untitled_install/lib/libtarget.a(net_bsd_tcpip_ip_icmp.o)
                              /home/kos/Desktop/untitled_install/lib/libtarget.a(net_bsd_tcpip_in_proto.o) (cyg_icmp_input)
/home/kos/Desktop/untitled_install/lib/libtarget.a(net_bsd_tcpip_ip_input.o)
                              /home/kos/Desktop/untitled_install/lib/libtarget.a(net_bsd_tcpip_ip_icmp.o) (cyg_ip_defttl)
/home/kos/Desktop/untitled_install/lib/libtarget.a(net_bsd_tcpip_ip_output.o)
                              /home/kos/Desktop/untitled_install/lib/libtarget.a(net_bsd_tcpip_ip_icmp.o) (cyg_ip_output)
/home/kos/Desktop/untitled_install/lib/libtarget.a(net_bsd_tcpip_ip_mroute.o)
                              /home/kos/Desktop/untitled_install/lib/libtarget.a(net_bsd_tcpip_ip_input.o) (cyg_ip_mrouter)
/home/kos/Desktop/untitled_install/lib/libtarget.a(net_bsd_tcpip_udp_usrreq.o)
                              /home/kos/Desktop/untitled_install/lib/libtarget.a(net_bsd_tcpip_in_proto.o) (cyg_udp_init)
/home/kos/Desktop/untitled_install/lib/libtarget.a(net_bsd_tcpip_tcp_input.o)
                              /home/kos/Desktop/untitled_install/lib/libtarget.a(net_bsd_tcpip_in_proto.o) (cyg_tcp_input)
/home/kos/Desktop/untitled_install/lib/libtarget.a(net_bsd_tcpip_tcp_output.o)
                              /home/kos/Desktop/untitled_install/lib/libtarget.a(net_bsd_tcpip_tcp_input.o) (cyg_ss_fltsz)
/home/kos/Desktop/untitled_install/lib/libtarget.a(net_bsd_tcpip_tcp_usrreq.o)
                              /home/kos/Desktop/untitled_install/lib/libtarget.a(net_bsd_tcpip_in_proto.o) (cyg_tcp_usrreqs)
/home/kos/Desktop/untitled_install/lib/libtarget.a(net_bsd_tcpip_tcp_timer.o)
                              /home/kos/Desktop/untitled_install/lib/libtarget.a(net_bsd_tcpip_tcp_input.o) (cyg_tcp_keepinit)
/home/kos/Desktop/untitled_install/lib/libtarget.a(net_bsd_tcpip_tcp_subr.o)
                              /home/kos/Desktop/untitled_install/lib/libtarget.a(net_bsd_tcpip_tcp_input.o) (cyg_tcp_mssdflt)
/home/kos/Desktop/untitled_install/lib/libtarget.a(net_bsd_tcpip_md5c.o)
                              /home/kos/Desktop/untitled_install/lib/libtarget.a(net_bsd_tcpip_tcp_subr.o) (cyg_MD5Init)
/home/kos/Desktop/untitled_install/lib/libtarget.a(net_bsd_tcpip_uipc_domain.o)
                              /home/kos/Desktop/untitled_install/lib/libtarget.a(net_bsd_tcpip_rtsock.o) (cyg_net_add_domain)
/home/kos/Desktop/untitled_install/lib/libtarget.a(net_bsd_tcpip_uipc_socket.o)
                              /home/kos/Desktop/untitled_install/lib/libtarget.a(net_bsd_tcpip_uipc_domain.o) (cyg_socket_zone)
/home/kos/Desktop/untitled_install/lib/libtarget.a(net_bsd_tcpip_uipc_socket2.o)
                              /home/kos/Desktop/untitled_install/lib/libtarget.a(net_bsd_tcpip_udp_usrreq.o) (cyg_maxsockets)
/home/kos/Desktop/untitled_install/lib/libtarget.a(net_bsd_tcpip_uipc_mbuf.o)
                              /home/kos/Desktop/untitled_install/lib/libtarget.a(net_bsd_tcpip_uipc_socket.o) (cyg_m_mballoc_wid)
/home/kos/Desktop/untitled_install/lib/libtarget.a(net_bsd_tcpip_uipc_mbuf2.o)
                              /home/kos/Desktop/untitled_install/lib/libtarget.a(net_bsd_tcpip_ip_encap.o) (cyg_m_aux_find)
/home/kos/Desktop/untitled_install/lib/libtarget.a(net_bsd_tcpip_uipc_accf.o)
                              /home/kos/Desktop/untitled_install/lib/libtarget.a(net_bsd_tcpip_uipc_socket.o) (accept_filt_get)
/home/kos/Desktop/untitled_install/lib/libtarget.a(net_bsd_tcpip_kern_subr.o)
                              /home/kos/Desktop/untitled_install/lib/libtarget.a(net_bsd_tcpip_uipc_socket.o) (cyg_uiomove)
/home/kos/Desktop/untitled_install/lib/libtarget.a(net_bsd_tcpip_kern_sysctl.o)
                              /home/kos/Desktop/untitled_install/lib/libtarget.a(net_bsd_tcpip_if.o) (sysctl__net_children)
/home/kos/Desktop/untitled_install/lib/libtarget.a(net_ns_dns_dns.o)
                              ipfw2.o (gethostbyname)
/home/kos/Desktop/untitled_install/lib/libtarget.a(io_eth_eth_drv.o)
                              /home/kos/Desktop/untitled_install/lib/extras.o (eth_drv_funs)
/home/kos/Desktop/untitled_install/lib/libtarget.a(hal_i386_arch_context.o)
                              /home/kos/Desktop/untitled_install/lib/libtarget.a(kernel_sched.o) (hal_thread_switch_context)
/home/kos/Desktop/untitled_install/lib/libtarget.a(hal_i386_pc_hal_diag.o)
                              /home/kos/Desktop/untitled_install/lib/libtarget.a(hal_common_hal_if.o) (cyg_hal_plf_comms_init)
/home/kos/Desktop/untitled_install/lib/libtarget.a(hal_i386_pcmb_pcmb_serial.o)
                              /home/kos/Desktop/untitled_install/lib/libtarget.a(hal_i386_pc_hal_diag.o) (cyg_hal_plf_serial_init)
/home/kos/Desktop/untitled_install/lib/libtarget.a(hal_i386_pcmb_pcmb_screen.o)
                              /home/kos/Desktop/untitled_install/lib/libtarget.a(hal_i386_pc_hal_diag.o) (cyg_hal_plf_screen_init)
/home/kos/Desktop/untitled_install/lib/libtarget.a(devs_wallclock_dallas_ds12887_ds12887.o)
                              /home/kos/Desktop/untitled_install/lib/libtarget.a(io_wallclock_wallclock.o) (_ZN13Cyg_WallClock14get_hw_secondsEv)
/home/kos/Desktop/untitled_install/lib/libtarget.a(infra_tcdiag.o)
                              /home/kos/Desktop/untitled_install/lib/libtarget.a(net_bsd_tcpip_support.o) (cyg_test_exit)
/home/kos/Desktop/untitled_install/lib/libtarget.a(infra_delete.o)
                              /home/kos/Desktop/untitled_install/lib/libtarget.a(language_c_libc_stdio_stream.o) (_ZdlPv)
/home/kos/Desktop/untitled_install/lib/libtarget.a(kernel_clock.o)
                              /home/kos/Desktop/untitled_install/lib/libtarget.a(kernel_kapi.o) (_ZN9Cyg_Clock15real_time_clockE)
/home/kos/Desktop/untitled_install/lib/libtarget.a(services_memalloc_common_dlmalloc.o)
                              /home/kos/Desktop/untitled_install/lib/libtarget.a(services_memalloc_common_heaps.o) (_ZN35Cyg_Mempool_dlmalloc_ImplementationC1EPhij)
/home/kos/Desktop/untitled_install/lib/libtarget.a(services_memalloc_common_kapi.o)
                              /home/kos/Desktop/untitled_install/lib/libtarget.a(net_bsd_tcpip_support.o) (cyg_mempool_var_create)
/home/kos/Desktop/untitled_install/lib/libtarget.a(language_c_libc_stdlib_strtoull.o)
                              /home/kos/Desktop/untitled_install/lib/libtarget.a(language_c_libc_stdio_vfscanf.o) (strtoull)
/home/kos/Desktop/untitled_install/lib/libtarget.a(language_c_libc_string_memchr.o)
                              /home/kos/Desktop/untitled_install/lib/libtarget.a(language_c_libc_stdio_vfnprintf.o) (memchr)
/home/kos/Desktop/untitled_install/lib/libtarget.a(language_c_libc_string_memmove.o)
                              /home/kos/Desktop/untitled_install/lib/libtarget.a(language_c_libc_string_bsdstring.o) (memmove)
/home/kos/Desktop/untitled_install/lib/libtarget.a(language_c_libc_string_strcat.o)
                              /home/kos/Desktop/untitled_install/lib/libtarget.a(net_ns_dns_dns.o) (strcat)
/home/kos/Desktop/untitled_install/lib/libtarget.a(language_c_libc_startup__exit.o)
                              /home/kos/Desktop/untitled_install/lib/libtarget.a(language_c_libc_startup_exit.o) (_exit)
/home/kos/Desktop/untitled_install/lib/libtarget.a(language_c_libc_startup_atexit.o)
                              /home/kos/Desktop/untitled_install/lib/libtarget.a(language_c_libc_startup_exit.o) (cyg_libc_invoke_atexit_handlers)
/home/kos/Desktop/untitled_install/lib/libtarget.a(language_c_libc_startup_invokemain.o)
                              /home/kos/Desktop/untitled_install/lib/libtarget.a(compat_posix_pthread.o) (cyg_libc_invoke_main)
/home/kos/Desktop/untitled_install/lib/libtarget.a(language_c_libc_stdio_setvbuf.o)
                              /home/kos/Desktop/untitled_install/lib/libtarget.a(language_c_libc_stdio_stdioinlines.o) (setvbuf)
/home/kos/Desktop/untitled_install/lib/libtarget.a(language_c_libc_stdio_sprintf.o)
                              /home/kos/Desktop/untitled_install/lib/libtarget.a(net_ns_dns_dns.o) (sprintf)
/home/kos/Desktop/untitled_install/lib/libtarget.a(language_c_libc_stdio_stderr.o)
                              /home/kos/Desktop/untitled_install/lib/libtarget.a(language_c_libc_stdio_stdioinlines.o) (stderr)
/home/kos/Desktop/untitled_install/lib/libtarget.a(language_c_libc_stdio_stdin.o)
                              /home/kos/Desktop/untitled_install/lib/libtarget.a(language_c_libc_stdio_stdioinlines.o) (stdin)
/home/kos/Desktop/untitled_install/lib/libtarget.a(language_c_libc_stdio_stdiosupp.o)
                              /home/kos/Desktop/untitled_install/lib/libtarget.a(language_c_libc_stdio_stdout.o) (Cyg_libc_stdio_find_filename)
/home/kos/Desktop/untitled_install/lib/libtarget.a(language_c_libc_stdio_ungetc.o)
                              /home/kos/Desktop/untitled_install/lib/libtarget.a(language_c_libc_stdio_vfscanf.o) (ungetc)
/home/kos/Desktop/untitled_install/lib/libtarget.a(net_common_inet_ntop.o)
                              /home/kos/Desktop/untitled_install/lib/libtarget.a(net_bsd_tcpip_support.o) (_inet_ntop)
/home/kos/Desktop/untitled_install/lib/libtarget.a(net_common_bootp_support.o)
                              /home/kos/Desktop/untitled_install/lib/libtarget.a(net_common_network_support.o) (show_bootp)
/home/kos/Desktop/untitled_install/lib/libtarget.a(net_common_dhcp_support.o)
                              /home/kos/Desktop/untitled_install/lib/libtarget.a(net_common_network_support.o) (eth0_dhcpstate)
/home/kos/Desktop/untitled_install/lib/libtarget.a(net_common_dhcp_prot.o)
                              /home/kos/Desktop/untitled_install/lib/libtarget.a(net_common_network_support.o) (do_dhcp)
/home/kos/Desktop/untitled_install/lib/libtarget.a(net_common_getaddrinfo.o)
                              /home/kos/Desktop/untitled_install/lib/libtarget.a(net_ns_dns_dns.o) (getaddrinfo)
/home/kos/Desktop/untitled_install/lib/libtarget.a(net_common_ifaddrs.o)
                              /home/kos/Desktop/untitled_install/lib/libtarget.a(net_bsd_tcpip_support.o) (if_indextoname)
/home/kos/Desktop/untitled_install/lib/libtarget.a(net_bsd_tcpip_raw_cb.o)
                              /home/kos/Desktop/untitled_install/lib/libtarget.a(net_bsd_tcpip_raw_usrreq.o) (cyg_raw_attach)
/home/kos/Desktop/untitled_install/lib/libtarget.a(net_bsd_tcpip_if_ethersubr.o)
                              /home/kos/Desktop/untitled_install/lib/libtarget.a(io_eth_eth_drv.o) (cyg_ether_output)
/home/kos/Desktop/untitled_install/lib/libtarget.a(net_bsd_tcpip_if_loop.o)
                              /home/kos/Desktop/untitled_install/lib/libtarget.a(net_bsd_tcpip_ip_output.o) (cyg_if_simloop)
/home/kos/Desktop/untitled_install/lib/libtarget.a(net_bsd_tcpip_igmp.o)
                              /home/kos/Desktop/untitled_install/lib/libtarget.a(net_bsd_tcpip_in_proto.o) (cyg_igmp_init)
/home/kos/Desktop/untitled_install/lib/libtarget.a(net_bsd_tcpip_raw_ip.o)
                              /home/kos/Desktop/untitled_install/lib/libtarget.a(net_bsd_tcpip_in_proto.o) (cyg_rip_init)
/home/kos/Desktop/untitled_install/lib/libtarget.a(net_bsd_tcpip_ip_flow.o)
                              /home/kos/Desktop/untitled_install/lib/libtarget.a(net_bsd_tcpip_if_ethersubr.o) (cyg_ipflow_fastforward)
/home/kos/Desktop/untitled_install/lib/libtarget.a(net_bsd_tcpip_if_ether.o)
                              /home/kos/Desktop/untitled_install/lib/libtarget.a(net_bsd_tcpip_if_ethersubr.o) (cyg_arpintrq)
/home/kos/Desktop/untitled_install/lib/libtarget.a(services_memalloc_common_memfixed.o)
                              /home/kos/Desktop/untitled_install/lib/libtarget.a(services_memalloc_common_kapi.o) (_ZN17Cyg_Mempool_FixedC1EPhij)
/home/kos/Desktop/untitled_install/lib/libtarget.a(services_memalloc_common_memvar.o)
                              /home/kos/Desktop/untitled_install/lib/libtarget.a(services_memalloc_common_kapi.o) (_ZN20Cyg_Mempool_VariableC1EPhii)
/usr/lib/gcc/i486-linux-gnu/4.4.5/libgcc.a(_udivdi3.o)
                              /home/kos/Desktop/untitled_install/lib/libtarget.a(infra_diag.o) (__udivdi3)
/usr/lib/gcc/i486-linux-gnu/4.4.5/libgcc.a(_umoddi3.o)
                              /home/kos/Desktop/untitled_install/lib/libtarget.a(infra_diag.o) (__umoddi3)

Allocating common symbols
Common symbol       size              file

cyg_tcbinfo         0x2c              /home/kos/Desktop/untitled_install/lib/libtarget.a(net_bsd_tcpip_tcp_input.o)
cyg_isn_secret      0x20              /home/kos/Desktop/untitled_install/lib/libtarget.a(net_bsd_tcpip_tcp_subr.o)
hal_interrupt_handlers
                    0x380             /home/kos/Desktop/untitled_install/lib/libtarget.a(hal_i386_pc_plf_misc.o)
cyg_udpstat         0x34              /home/kos/Desktop/untitled_install/lib/libtarget.a(net_bsd_tcpip_udp_usrreq.o)
zeroin_addr         0x4               /home/kos/Desktop/untitled_install/lib/libtarget.a(net_bsd_tcpip_in_pcb.o)
cyg_socket_zone     0x4               /home/kos/Desktop/untitled_install/lib/libtarget.a(net_bsd_tcpip_uipc_socket.o)
ipfw_nat_get_cfg_ptr
                    0x4               ipfw2.o
cyg_if_cloners_count
                    0x4               /home/kos/Desktop/untitled_install/lib/libtarget.a(net_bsd_tcpip_if.o)
cyg_ifnet           0x8               /home/kos/Desktop/untitled_install/lib/libtarget.a(net_bsd_tcpip_if.o)
sysctl__net_inet_children
                    0x4               /home/kos/Desktop/untitled_install/lib/libtarget.a(net_bsd_tcpip_in_proto.o)
cyg_ng_ether_input_orphan_p
                    0x4               /home/kos/Desktop/untitled_install/lib/libtarget.a(net_bsd_tcpip_if_ethersubr.o)
cyg_max_datalen     0x4               /home/kos/Desktop/untitled_install/lib/libtarget.a(net_bsd_tcpip_uipc_mbuf.o)
sysctl__net_link_generic_children
                    0x4               /home/kos/Desktop/untitled_install/lib/libtarget.a(net_bsd_tcpip_if.o)
cyg_ripcb           0x4               /home/kos/Desktop/untitled_install/lib/libtarget.a(net_bsd_tcpip_raw_ip.o)
cyg_ip_id           0x2               /home/kos/Desktop/untitled_install/lib/libtarget.a(net_bsd_tcpip_ip_output.o)
cyg_route_cb        0x14              /home/kos/Desktop/untitled_install/lib/libtarget.a(net_bsd_tcpip_route.o)
cyg_rawcb_list      0x4               /home/kos/Desktop/untitled_install/lib/libtarget.a(net_bsd_tcpip_raw_cb.o)
sysctl__net_inet_ip_portrange_children
                    0x4               /home/kos/Desktop/untitled_install/lib/libtarget.a(net_bsd_tcpip_in_pcb.o)
sysctl__net_inet_raw_children
                    0x4               /home/kos/Desktop/untitled_install/lib/libtarget.a(net_bsd_tcpip_in_proto.o)
sysctl__net_link_ether_children
                    0x4               /home/kos/Desktop/untitled_install/lib/libtarget.a(net_bsd_tcpip_if_ethersubr.o)
cyg_tcp_ccgen       0x4               /home/kos/Desktop/untitled_install/lib/libtarget.a(net_bsd_tcpip_tcp_input.o)
cyg_tcp_delacktime  0x4               /home/kos/Desktop/untitled_install/lib/libtarget.a(net_bsd_tcpip_tcp_timer.o)
dhcp_mgt_thread     0xf4              /home/kos/Desktop/untitled_install/lib/libtarget.a(net_common_dhcp_support.o)
pc_ser_channels     0x24              /home/kos/Desktop/untitled_install/lib/libtarget.a(hal_i386_pc_hal_diag.o)
cyg_ifnet_addrs     0x4               /home/kos/Desktop/untitled_install/lib/libtarget.a(net_bsd_tcpip_if.o)
hal_interrupt_level
                    0xe0              /home/kos/Desktop/untitled_install/lib/libtarget.a(hal_i386_pcmb_pcmb_misc.o)
cyg_hal_pc_memsize_base
                    0x4               /home/kos/Desktop/untitled_install/lib/libtarget.a(hal_i386_pc_plf_misc.o)
sysctl__net_inet_udp_children
                    0x4               /home/kos/Desktop/untitled_install/lib/libtarget.a(net_bsd_tcpip_in_proto.o)
cyg_ip_fw_ctl_ptr   0x4               /home/kos/Desktop/untitled_install/lib/libtarget.a(net_bsd_tcpip_ip_input.o)
cyg_isn_last_reseed
                    0x4               /home/kos/Desktop/untitled_install/lib/libtarget.a(net_bsd_tcpip_tcp_subr.o)
sysctl__net_link_children
                    0x4               /home/kos/Desktop/untitled_install/lib/libtarget.a(net_bsd_tcpip_if.o)
cyg_tcb             0x4               /home/kos/Desktop/untitled_install/lib/libtarget.a(net_bsd_tcpip_tcp_input.o)
cyg_mclfree         0x4               /home/kos/Desktop/untitled_install/lib/libtarget.a(net_bsd_tcpip_uipc_mbuf.o)
cyg_rt_tables       0x88              /home/kos/Desktop/untitled_install/lib/libtarget.a(net_bsd_tcpip_route.o)
cyg_mono_time       0x8               /home/kos/Desktop/untitled_install/lib/libtarget.a(net_bsd_tcpip_support.o)
sysctl__net_inet_igmp_children
                    0x4               /home/kos/Desktop/untitled_install/lib/libtarget.a(net_bsd_tcpip_in_proto.o)
sysctl__net_routetable_children
                    0x4               /home/kos/Desktop/untitled_install/lib/libtarget.a(net_bsd_tcpip_rtsock.o)
cyg_ng_ether_input_p
                    0x4               /home/kos/Desktop/untitled_install/lib/libtarget.a(net_bsd_tcpip_if_ethersubr.o)
cyg_tcp_keepinit    0x4               /home/kos/Desktop/untitled_install/lib/libtarget.a(net_bsd_tcpip_tcp_timer.o)
cyg_ip_fw_fwd_addr  0x4               /home/kos/Desktop/untitled_install/lib/libtarget.a(net_bsd_tcpip_ip_input.o)
cyg_domains         0x4               /home/kos/Desktop/untitled_install/lib/libtarget.a(net_bsd_tcpip_uipc_domain.o)
cyg_max_hdr         0x4               /home/kos/Desktop/untitled_install/lib/libtarget.a(net_bsd_tcpip_uipc_mbuf.o)
sysctl__net_inet_icmp_children
                    0x4               /home/kos/Desktop/untitled_install/lib/libtarget.a(net_bsd_tcpip_in_proto.o)
cyg_mbtypes         0x40              /home/kos/Desktop/untitled_install/lib/libtarget.a(net_bsd_tcpip_uipc_mbuf.o)
cyg_ip_fw_chk_ptr   0x4               /home/kos/Desktop/untitled_install/lib/libtarget.a(net_bsd_tcpip_ip_input.o)
cyg_isn_ctx         0x58              /home/kos/Desktop/untitled_install/lib/libtarget.a(net_bsd_tcpip_tcp_subr.o)
sysctl__net_link_ether_inet_children
                    0x4               /home/kos/Desktop/untitled_install/lib/libtarget.a(net_bsd_tcpip_if_ether.o)
cyg_max_protohdr    0x4               /home/kos/Desktop/untitled_install/lib/libtarget.a(net_bsd_tcpip_uipc_mbuf.o)
cyg_ipintrq         0x14              /home/kos/Desktop/untitled_install/lib/libtarget.a(net_bsd_tcpip_support.o)
cyg_ripcbinfo       0x2c              /home/kos/Desktop/untitled_install/lib/libtarget.a(net_bsd_tcpip_raw_ip.o)
layer3_chain        0x240             ip_fw.o
cyg_icmpstat        0xc0              /home/kos/Desktop/untitled_install/lib/libtarget.a(net_bsd_tcpip_ip_icmp.o)
cyg_tcp_keepintvl   0x4               /home/kos/Desktop/untitled_install/lib/libtarget.a(net_bsd_tcpip_tcp_timer.o)
_cyg_hal_compiler_dummy
                    0x4               /home/kos/Desktop/untitled_install/lib/libtarget.a(hal_common_hal_misc.o)
sysctl__net_inet_ip_children
                    0x4               /home/kos/Desktop/untitled_install/lib/libtarget.a(net_bsd_tcpip_in_proto.o)
sysctl__sysctl_next_children
                    0x4               /home/kos/Desktop/untitled_install/lib/libtarget.a(net_bsd_tcpip_kern_sysctl.o)
eth0_bootp_data     0x244             /home/kos/Desktop/untitled_install/lib/libtarget.a(net_common_network_support.o)
cyg_mmbfree         0x4               /home/kos/Desktop/untitled_install/lib/libtarget.a(net_bsd_tcpip_uipc_mbuf.o)
hal_interrupt_data  0x380             /home/kos/Desktop/untitled_install/lib/libtarget.a(hal_i386_pc_plf_misc.o)
rule                0x14              ip_fw.o
cyg_ktime           0x8               /home/kos/Desktop/untitled_install/lib/libtarget.a(net_bsd_tcpip_support.o)
cyg_in_ifaddrhead   0x8               /home/kos/Desktop/untitled_install/lib/libtarget.a(net_bsd_tcpip_ip_input.o)
sysctl__sysctl_oidfmt_children
                    0x4               /home/kos/Desktop/untitled_install/lib/libtarget.a(net_bsd_tcpip_kern_sysctl.o)
cyg_tcp_keepidle    0x4               /home/kos/Desktop/untitled_install/lib/libtarget.a(net_bsd_tcpip_tcp_timer.o)
sysctl__net_inet_tcp_children
                    0x4               /home/kos/Desktop/untitled_install/lib/libtarget.a(net_bsd_tcpip_in_proto.o)
co                  0x40              ipfw2.o
cyg_ng_ether_detach_p
                    0x4               /home/kos/Desktop/untitled_install/lib/libtarget.a(net_bsd_tcpip_if_ethersubr.o)
sysctl__net_children
                    0x4               /home/kos/Desktop/untitled_install/lib/libtarget.a(net_bsd_tcpip_kern_sysctl.o)
eth1_bootp_data     0x244             /home/kos/Desktop/untitled_install/lib/libtarget.a(net_common_network_support.o)
cyg_max_linkhdr     0x4               /home/kos/Desktop/untitled_install/lib/libtarget.a(net_bsd_tcpip_uipc_mbuf.o)
cyg_ng_ether_attach_p
                    0x4               /home/kos/Desktop/untitled_install/lib/libtarget.a(net_bsd_tcpip_if_ethersubr.o)
cyg_in_multihead    0x4               /home/kos/Desktop/untitled_install/lib/libtarget.a(net_bsd_tcpip_in.o)
cyg_tcp_maxidle     0x4               /home/kos/Desktop/untitled_install/lib/libtarget.a(net_bsd_tcpip_tcp_timer.o)
cyg_mbutl           0x4               /home/kos/Desktop/untitled_install/lib/libtarget.a(net_bsd_tcpip_uipc_mbuf.o)
cyg_mclrefcnt       0x4               /home/kos/Desktop/untitled_install/lib/libtarget.a(net_bsd_tcpip_uipc_mbuf.o)
sysctl__children    0x4               /home/kos/Desktop/untitled_install/lib/libtarget.a(net_bsd_tcpip_kern_sysctl.o)
ip_divert_cookie    0x2               bridge.o
ip_fwd              0x20              /home/kos/Desktop/untitled_install/lib/libtarget.a(net_bsd_tcpip_ip_input.o)
sysctl__net_inet_ip_alias_children
                    0x4               alias.o
dhcp_needs_attention
                    0x8               /home/kos/Desktop/untitled_install/lib/libtarget.a(net_common_dhcp_support.o)
cyg_loif            0xe8              /home/kos/Desktop/untitled_install/lib/libtarget.a(net_bsd_tcpip_if_loop.o)
cyg_so_gencnt       0x8               /home/kos/Desktop/untitled_install/lib/libtarget.a(net_bsd_tcpip_uipc_socket.o)
hal_interrupt_objects
                    0x380             /home/kos/Desktop/untitled_install/lib/libtarget.a(hal_i386_pc_plf_misc.o)
lookup_nat_ptr      0x4               ipfw2.o
ipfw_nat_cfg_ptr    0x4               ipfw2.o
cyg_ipstat          0x74              /home/kos/Desktop/untitled_install/lib/libtarget.a(net_bsd_tcpip_ip_input.o)
cyg_ng_ether_output_p
                    0x4               /home/kos/Desktop/untitled_install/lib/libtarget.a(net_bsd_tcpip_if_ethersubr.o)
cyg_ip_protox       0x100             /home/kos/Desktop/untitled_install/lib/libtarget.a(net_bsd_tcpip_ip_input.o)
cyg_netint_flags    0x8               /home/kos/Desktop/untitled_install/lib/libtarget.a(net_bsd_tcpip_support.o)
cyg_tcp_msl         0x4               /home/kos/Desktop/untitled_install/lib/libtarget.a(net_bsd_tcpip_tcp_timer.o)
cyg_ip_rsvpd        0x4               /home/kos/Desktop/untitled_install/lib/libtarget.a(net_bsd_tcpip_ip_input.o)
cyg_tcpstat         0xf4              /home/kos/Desktop/untitled_install/lib/libtarget.a(net_bsd_tcpip_tcp_input.o)
sysctl__sysctl_children
                    0x4               /home/kos/Desktop/untitled_install/lib/libtarget.a(net_bsd_tcpip_kern_sysctl.o)
cyg_udb             0x4               /home/kos/Desktop/untitled_install/lib/libtarget.a(net_bsd_tcpip_udp_usrreq.o)
tcp_rexmit_min      0x4               /home/kos/Desktop/untitled_install/lib/libtarget.a(net_bsd_tcpip_tcp_timer.o)
cyg_tcp_maxpersistidle
                    0x4               /home/kos/Desktop/untitled_install/lib/libtarget.a(net_bsd_tcpip_tcp_timer.o)
cyg_mbstat          0xa0              /home/kos/Desktop/untitled_install/lib/libtarget.a(net_bsd_tcpip_uipc_mbuf.o)
ERRORS              0x4               bridge.o
sysctl__sysctl_name_children
                    0x4               /home/kos/Desktop/untitled_install/lib/libtarget.a(net_bsd_tcpip_kern_sysctl.o)
cyg_hal_pc_memsize_extended
                    0x4               /home/kos/Desktop/untitled_install/lib/libtarget.a(hal_i386_pc_plf_misc.o)
cyg_udbinfo         0x2c              /home/kos/Desktop/untitled_install/lib/libtarget.a(net_bsd_tcpip_udp_usrreq.o)
